// Vitest Snapshot v1, https://vitest.dev/guide/snapshot.html

exports[`Shop Page > renders correctly 1`] = `
<div>
  <main
    class="sc-hwkwBN kikxJF"
  >
    <ul>
      <li
        data-testid="product"
      >
        1
      </li>
      <li
        data-testid="product"
      >
        2
      </li>
      <li
        data-testid="product"
      >
        3
      </li>
      <li
        data-testid="product"
      >
        4
      </li>
      <li
        data-testid="product"
      >
        5
      </li>
      <li
        data-testid="product"
      >
        6
      </li>
      <li
        data-testid="product"
      >
        7
      </li>
      <li
        data-testid="product"
      >
        8
      </li>
      <li
        data-testid="product"
      >
        9
      </li>
      <li
        data-testid="product"
      >
        10
      </li>
    </ul>
  </main>
</div>
`;
