// Vitest Snapshot v1, https://vitest.dev/guide/snapshot.html

exports[`Rating component > renders correctly 1`] = `
<div>
  <div
    class="sc-bRKDuR fIviup"
  >
    <div
      class="sc-hvigdm ktpWWa"
    >
      <div
        class="sc-fhHczv PWdic"
      >
        <div
          data-testid="star-shell"
        />
        <div
          class="sc-dTvVRJ gofgAT"
          data-testid="fill-mask"
        >
          <svg
            aria-hidden="true"
            class="lucide lucide-star sc-jwTyAe bmcmzb"
            fill="none"
            height="24"
            stroke="currentColor"
            stroke-linecap="round"
            stroke-linejoin="round"
            stroke-width="2"
            viewBox="0 0 24 24"
            width="24"
            xmlns="http://www.w3.org/2000/svg"
          >
            <path
              d="M11.525 2.295a.53.53 0 0 1 .95 0l2.31 4.679a2.123 2.123 0 0 0 1.595 1.16l5.166.756a.53.53 0 0 1 .294.904l-3.736 3.638a2.123 2.123 0 0 0-.611 1.878l.882 5.14a.53.53 0 0 1-.771.56l-4.618-2.428a2.122 2.122 0 0 0-1.973 0L6.396 21.01a.53.53 0 0 1-.77-.56l.881-5.139a2.122 2.122 0 0 0-.611-1.879L2.16 9.795a.53.53 0 0 1 .294-.906l5.165-.755a2.122 2.122 0 0 0 1.597-1.16z"
            />
          </svg>
        </div>
      </div>
      <div
        class="sc-fhHczv PWdic"
      >
        <div
          data-testid="star-shell"
        />
        <div
          class="sc-dTvVRJ gofgAT"
          data-testid="fill-mask"
        >
          <svg
            aria-hidden="true"
            class="lucide lucide-star sc-jwTyAe bmcmzb"
            fill="none"
            height="24"
            stroke="currentColor"
            stroke-linecap="round"
            stroke-linejoin="round"
            stroke-width="2"
            viewBox="0 0 24 24"
            width="24"
            xmlns="http://www.w3.org/2000/svg"
          >
            <path
              d="M11.525 2.295a.53.53 0 0 1 .95 0l2.31 4.679a2.123 2.123 0 0 0 1.595 1.16l5.166.756a.53.53 0 0 1 .294.904l-3.736 3.638a2.123 2.123 0 0 0-.611 1.878l.882 5.14a.53.53 0 0 1-.771.56l-4.618-2.428a2.122 2.122 0 0 0-1.973 0L6.396 21.01a.53.53 0 0 1-.77-.56l.881-5.139a2.122 2.122 0 0 0-.611-1.879L2.16 9.795a.53.53 0 0 1 .294-.906l5.165-.755a2.122 2.122 0 0 0 1.597-1.16z"
            />
          </svg>
        </div>
      </div>
      <div
        class="sc-fhHczv PWdic"
      >
        <div
          data-testid="star-shell"
        />
        <div
          class="sc-dTvVRJ gofgAT"
          data-testid="fill-mask"
        >
          <svg
            aria-hidden="true"
            class="lucide lucide-star sc-jwTyAe bmcmzb"
            fill="none"
            height="24"
            stroke="currentColor"
            stroke-linecap="round"
            stroke-linejoin="round"
            stroke-width="2"
            viewBox="0 0 24 24"
            width="24"
            xmlns="http://www.w3.org/2000/svg"
          >
            <path
              d="M11.525 2.295a.53.53 0 0 1 .95 0l2.31 4.679a2.123 2.123 0 0 0 1.595 1.16l5.166.756a.53.53 0 0 1 .294.904l-3.736 3.638a2.123 2.123 0 0 0-.611 1.878l.882 5.14a.53.53 0 0 1-.771.56l-4.618-2.428a2.122 2.122 0 0 0-1.973 0L6.396 21.01a.53.53 0 0 1-.77-.56l.881-5.139a2.122 2.122 0 0 0-.611-1.879L2.16 9.795a.53.53 0 0 1 .294-.906l5.165-.755a2.122 2.122 0 0 0 1.597-1.16z"
            />
          </svg>
        </div>
      </div>
      <div
        class="sc-fhHczv PWdic"
      >
        <div
          data-testid="star-shell"
        />
        <div
          class="sc-dTvVRJ epAoBQ"
          data-testid="fill-mask"
        >
          <svg
            aria-hidden="true"
            class="lucide lucide-star sc-jwTyAe bmcmzb"
            fill="none"
            height="24"
            stroke="currentColor"
            stroke-linecap="round"
            stroke-linejoin="round"
            stroke-width="2"
            viewBox="0 0 24 24"
            width="24"
            xmlns="http://www.w3.org/2000/svg"
          >
            <path
              d="M11.525 2.295a.53.53 0 0 1 .95 0l2.31 4.679a2.123 2.123 0 0 0 1.595 1.16l5.166.756a.53.53 0 0 1 .294.904l-3.736 3.638a2.123 2.123 0 0 0-.611 1.878l.882 5.14a.53.53 0 0 1-.771.56l-4.618-2.428a2.122 2.122 0 0 0-1.973 0L6.396 21.01a.53.53 0 0 1-.77-.56l.881-5.139a2.122 2.122 0 0 0-.611-1.879L2.16 9.795a.53.53 0 0 1 .294-.906l5.165-.755a2.122 2.122 0 0 0 1.597-1.16z"
            />
          </svg>
        </div>
      </div>
      <div
        class="sc-fhHczv PWdic"
      >
        <div
          data-testid="star-shell"
        />
        <div
          class="sc-dTvVRJ fXtCnq"
          data-testid="fill-mask"
        >
          <svg
            aria-hidden="true"
            class="lucide lucide-star sc-jwTyAe bmcmzb"
            fill="none"
            height="24"
            stroke="currentColor"
            stroke-linecap="round"
            stroke-linejoin="round"
            stroke-width="2"
            viewBox="0 0 24 24"
            width="24"
            xmlns="http://www.w3.org/2000/svg"
          >
            <path
              d="M11.525 2.295a.53.53 0 0 1 .95 0l2.31 4.679a2.123 2.123 0 0 0 1.595 1.16l5.166.756a.53.53 0 0 1 .294.904l-3.736 3.638a2.123 2.123 0 0 0-.611 1.878l.882 5.14a.53.53 0 0 1-.771.56l-4.618-2.428a2.122 2.122 0 0 0-1.973 0L6.396 21.01a.53.53 0 0 1-.77-.56l.881-5.139a2.122 2.122 0 0 0-.611-1.879L2.16 9.795a.53.53 0 0 1 .294-.906l5.165-.755a2.122 2.122 0 0 0 1.597-1.16z"
            />
          </svg>
        </div>
      </div>
    </div>
    <span
      class="sc-hjsuWn bUVtru"
    >
      <p
        class="sc-jJLAfE iFSvBN"
      >
        3.2
      </p>
      <p
        class="sc-hwkwBN iUfLLG"
      >
        (
        256
        )
      </p>
    </span>
  </div>
</div>
`;
