// Vitest Snapshot v1, https://vitest.dev/guide/snapshot.html

exports[`BackButton component > renders correctly 1`] = `
<div>
  <a
    class="sc-bRKDuR htHFNT"
    data-discover="true"
    href="/"
  >
    <svg
      aria-hidden="true"
      class="lucide lucide-chevron-left"
      fill="none"
      height="24"
      stroke="currentColor"
      stroke-linecap="round"
      stroke-linejoin="round"
      stroke-width="2"
      viewBox="0 0 24 24"
      width="24"
      xmlns="http://www.w3.org/2000/svg"
    >
      <path
        d="m15 18-6-6 6-6"
      />
    </svg>
  </a>
</div>
`;
