// Vitest Snapshot v1, https://vitest.dev/guide/snapshot.html

exports[`Navigator component > renders correctly 1`] = `
<div>
  <nav
    class="sc-bRKDuR iMsCxZ"
  >
    <div
      class="sc-hvigdm hVLfAZ"
    >
      <a
        aria-label="Go to Home page"
        class="sc-fhHczv kRcGpD"
        data-discover="true"
        href="/"
      >
        <svg
          aria-hidden="true"
          class="lucide lucide-house"
          fill="none"
          height="24"
          stroke="currentColor"
          stroke-linecap="round"
          stroke-linejoin="round"
          stroke-width="2"
          viewBox="0 0 24 24"
          width="24"
          xmlns="http://www.w3.org/2000/svg"
        >
          <path
            d="M15 21v-8a1 1 0 0 0-1-1h-4a1 1 0 0 0-1 1v8"
          />
          <path
            d="M3 10a2 2 0 0 1 .709-1.528l7-5.999a2 2 0 0 1 2.582 0l7 5.999A2 2 0 0 1 21 10v9a2 2 0 0 1-2 2H5a2 2 0 0 1-2-2z"
          />
        </svg>
      </a>
      <a
        aria-label="Go to Shop page"
        class="sc-fhHczv jNLQtO"
        data-discover="true"
        href="/shop"
      >
        <svg
          aria-hidden="true"
          class="lucide lucide-shopping-bag"
          fill="none"
          height="24"
          stroke="currentColor"
          stroke-linecap="round"
          stroke-linejoin="round"
          stroke-width="2"
          viewBox="0 0 24 24"
          width="24"
          xmlns="http://www.w3.org/2000/svg"
        >
          <path
            d="M16 10a4 4 0 0 1-8 0"
          />
          <path
            d="M3.103 6.034h17.794"
          />
          <path
            d="M3.4 5.467a2 2 0 0 0-.4 1.2V20a2 2 0 0 0 2 2h14a2 2 0 0 0 2-2V6.667a2 2 0 0 0-.4-1.2l-2-2.667A2 2 0 0 0 17 2H7a2 2 0 0 0-1.6.8z"
          />
        </svg>
      </a>
      <a
        aria-label="Go to Cart page"
        class="sc-fhHczv jNLQtO"
        data-discover="true"
        href="/cart"
      >
        <svg
          aria-hidden="true"
          class="lucide lucide-shopping-cart"
          fill="none"
          height="24"
          stroke="currentColor"
          stroke-linecap="round"
          stroke-linejoin="round"
          stroke-width="2"
          viewBox="0 0 24 24"
          width="24"
          xmlns="http://www.w3.org/2000/svg"
        >
          <circle
            cx="8"
            cy="21"
            r="1"
          />
          <circle
            cx="19"
            cy="21"
            r="1"
          />
          <path
            d="M2.05 2.05h2l2.66 12.42a2 2 0 0 0 2 1.58h9.78a2 2 0 0 0 1.95-1.57l1.65-7.43H5.12"
          />
        </svg>
        <div
          class="sc-ggWZvA iRPAEk"
        >
          55
        </div>
      </a>
    </div>
  </nav>
</div>
`;
