// Vitest Snapshot v1, https://vitest.dev/guide/snapshot.html

exports[`ProductCard component > renders correctly 1`] = `
<div>
  <div
    class="sc-ibashp bFfuKz"
  >
    <a
      aria-label="product-link"
      class="sc-blIAwI cqQHhd"
      data-discover="true"
      href="/product/1"
      title="Mock Product"
    >
      <div
        class="sc-itBLYH kHAjvE"
      >
        <img
          alt="Mock Product"
          src="http://example.com/mock-image.jpg"
        />
      </div>
      <div
        class="sc-bEjUoa kylyIU"
      >
        <p
          class="sc-boKDdR bKlUwP"
        >
          Mock Product
        </p>
        <p
          class="sc-fOOuSg eGlDie"
        >
          $
          15.99
        </p>
      </div>
    </a>
    <div
      class="sc-kjwdDK dQWvrC"
    >
      <div
        aria-label="cart-quantity-selector"
        class="sc-jytpVa dZPxi"
      >
        <button
          aria-label="quantity-decrement-button"
          class="sc-eknHtZ sc-pYNGo cymyjv hGBICG"
        >
          <svg
            aria-hidden="true"
            class="lucide lucide-minus"
            fill="none"
            height="24"
            stroke="currentColor"
            stroke-linecap="round"
            stroke-linejoin="round"
            stroke-width="2"
            viewBox="0 0 24 24"
            width="24"
            xmlns="http://www.w3.org/2000/svg"
          >
            <path
              d="M5 12h14"
            />
          </svg>
        </button>
        <input
          aria-label="custom-quantity-input"
          class="sc-jYczwO lfFPYm"
          type="text"
          value="16"
        />
        <button
          aria-label="quantity-increment-button"
          class="sc-eknHtZ sc-cCVJLD cymyjv iGXDQy"
        >
          <svg
            aria-hidden="true"
            class="lucide lucide-plus"
            fill="none"
            height="24"
            stroke="currentColor"
            stroke-linecap="round"
            stroke-linejoin="round"
            stroke-width="2"
            viewBox="0 0 24 24"
            width="24"
            xmlns="http://www.w3.org/2000/svg"
          >
            <path
              d="M5 12h14"
            />
            <path
              d="M12 5v14"
            />
          </svg>
        </button>
      </div>
      <button
        aria-label="cart-remove-button"
        class="sc-eVqvcJ sc-cdmAjP dyuNnT fawTpi"
      >
        <svg
          aria-hidden="true"
          class="lucide lucide-trash2 lucide-trash-2"
          fill="none"
          height="24"
          stroke="currentColor"
          stroke-linecap="round"
          stroke-linejoin="round"
          stroke-width="2"
          viewBox="0 0 24 24"
          width="24"
          xmlns="http://www.w3.org/2000/svg"
        >
          <path
            d="M3 6h18"
          />
          <path
            d="M19 6v14c0 1-1 2-2 2H7c-1 0-2-1-2-2V6"
          />
          <path
            d="M8 6V4c0-1 1-2 2-2h4c1 0 2 1 2 2v2"
          />
          <line
            x1="10"
            x2="10"
            y1="11"
            y2="17"
          />
          <line
            x1="14"
            x2="14"
            y1="11"
            y2="17"
          />
        </svg>
      </button>
    </div>
  </div>
</div>
`;
