// Vitest Snapshot v1, https://vitest.dev/guide/snapshot.html

exports[`Disclaimer Page > renders correctly 1`] = `
<div>
  <main
    class="sc-hwkwBN kikxJF"
  >
    <a
      class="sc-fOOuSg jCktvc"
      data-discover="true"
      href="/cart"
    >
      <svg
        aria-hidden="true"
        class="lucide lucide-chevron-left"
        fill="none"
        height="24"
        stroke="currentColor"
        stroke-linecap="round"
        stroke-linejoin="round"
        stroke-width="2"
        viewBox="0 0 24 24"
        width="24"
        xmlns="http://www.w3.org/2000/svg"
      >
        <path
          d="m15 18-6-6 6-6"
        />
      </svg>
    </a>
    <p
      class="sc-kNOymR juelym"
    >
      Disclaimer
    </p>
    <p
      class="sc-hdBJTi cDFHRQ"
    >
      Sorry to disappoint you, but this was a fake online store that I built to practice React development. Good luck on your shopping endeavours!
      <br />
      <br />
      P.S. Shop responsibly!
    </p>
  </main>
</div>
`;
