// Vitest Snapshot v1, https://vitest.dev/guide/snapshot.html

exports[`OrderInfo component > renders correctly 1`] = `
<div>
  <div
    class="sc-bRKDuR hvBsMM"
  >
    <p
      class="sc-hvigdm eEPHTP"
    >
      Order Summary
    </p>
    <span
      aria-label="subtotal-field"
      class="sc-fhHczv irEvAa"
    >
      <label>
        Subtotal: 
      </label>
      <p>
        $
        3743.03
      </p>
    </span>
    <span
      aria-label="tax-field"
      class="sc-fhHczv irEvAa"
    >
      <label>
        Tax (12%): 
      </label>
      <p>
        $
        449.16
      </p>
    </span>
    <span
      aria-label="total-price-field"
      class="sc-fhHczv irEvAa"
    >
      <label>
        Total Price: 
      </label>
      <p>
        $
        4192.19
      </p>
    </span>
    <a
      class="sc-ggWZvA hYXIeT"
      data-discover="true"
      href="/disclaimer"
    >
      <svg
        aria-hidden="true"
        class="lucide lucide-shopping-bag"
        fill="none"
        height="24"
        stroke="currentColor"
        stroke-linecap="round"
        stroke-linejoin="round"
        stroke-width="2"
        viewBox="0 0 24 24"
        width="24"
        xmlns="http://www.w3.org/2000/svg"
      >
        <path
          d="M16 10a4 4 0 0 1-8 0"
        />
        <path
          d="M3.103 6.034h17.794"
        />
        <path
          d="M3.4 5.467a2 2 0 0 0-.4 1.2V20a2 2 0 0 0 2 2h14a2 2 0 0 0 2-2V6.667a2 2 0 0 0-.4-1.2l-2-2.667A2 2 0 0 0 17 2H7a2 2 0 0 0-1.6.8z"
        />
      </svg>
       Place Order
    </a>
  </div>
</div>
`;
